// Jest Snapshot v1, https://goo.gl/fbAQLP

exports[`MyButton renders properly 1`] = `<button>Button</button>`;
